// Jest Snapshot v1, https://goo.gl/fbAQLP

exports[`Button component to match snapshot 1`] = `ShallowWrapper {}`;
