// Jest Snapshot v1, https://goo.gl/fbAQLP

exports[`Product Component to render a render correctly 1`] = `ShallowWrapper {}`;
